<html>
<body>
<pre>
<h1>µVision Build Log</h1>
<h2>Project:</h2>
D:\my work\xlink\WIFI\Xlink SDK\Xlink_SDK_V3\¹¤³Ì\Xlink-Demo-AT-V30000-lib(HFLPB100)\projects\LPBS2W.uvproj
Project File Date:  07/14/2016

<h2>Output:</h2>
Rebuild target 'LPBS2W'
compiling startup.c...
..\src\startup.c(291): warning: A1488W: PROC/FUNC at line 82 in '..\\src\\startup.c' without matching ENDP/ENDFUNC
compiling xlink_config.c...
compiling xlink_Demo.c...
..\src\xlink_Demo.c(355): warning:  #177-D: variable "updateDP" was declared but never referenced
..\src\xlink_Demo.c(357): warning:  #177-D: variable "data" was declared but never referenced
..\src\xlink_Demo.c(358): warning:  #177-D: variable "datalen" was declared but never referenced
compiling xlink_Application.c...
compiling xlink_at.c...
compiling xlink_oat_hf.c...
linking...
LPBS2W.sct(14): warning: L6314W: No section matches pattern *.o(.mach2.init).
LPBS2W.sct(18): warning: L6314W: No section matches pattern *.o(.mach6.init).
LPBS2W.sct(19): warning: L6314W: No section matches pattern *.o(.mach7.init).
LPBS2W.sct(23): warning: L6314W: No section matches pattern *.o(.shell0.cmd).
LPBS2W.sct(25): warning: L6314W: No section matches pattern *.o(.shell2.cmd).
Program Size: Code=437324 RO-data=31724 RW-data=7996 ZI-data=75212  
FromELF: creating hex file...
After Build - User command #1: fromelf.exe --bin --output ./output/LPBS2W.bin ./output/LPBS2W.axf
After Build - User command #2: LPB100_IMG_Tools.exe ./output/LPBS2W.bin ./output/LPBS2W_UPGARDE.bin
".\output\LPBS2W.axf" - 0 Errors, 9 Warning(s).
