<html>
<body>
<pre>
<h1>µVision Build Log</h1>
<h2>Project:</h2>
E:\my work\xlink\WIFI\Xlink SDK\·ÖÏí°æ±¾V2.1\Xlink Demo_AT_V24002_DEMO\projects\LPB105S2W.uvproj
Project File Date:  05/29/2016

<h2>Output:</h2>
Rebuild target 'LPB105S2W'
compiling startup.c...
..\src\startup.c(291): warning: A1488W: PROC/FUNC at line 82 in '..\\src\\startup.c' without matching ENDP/ENDFUNC
compiling xlink_Application.c...
..\src\xlink_demo.h(11): error:  #5: cannot open source input file "xlink_system.h": No such file or directory
compiling xlink_at.c...
..\src\xlink_demo.h(11): error:  #5: cannot open source input file "xlink_system.h": No such file or directory
compiling xlink_config.c...
..\src\xlink_demo.h(11): error:  #5: cannot open source input file "xlink_system.h": No such file or directory
compiling xlink_Demo.c...
..\src\xlink_demo.h(11): error:  #5: cannot open source input file "xlink_system.h": No such file or directory
compiling xlink_oat_hf.c...
..\src\xlink_ota_hf.h(11): error:  #5: cannot open source input file "xlink_system.h": No such file or directory
".\output\LPB105S2W.axf" - 5 Errors, 1 Warning(s).
Target not created
Rebuild target 'LPB105S2W'
compiling startup.c...
..\src\startup.c(291): warning: A1488W: PROC/FUNC at line 82 in '..\\src\\startup.c' without matching ENDP/ENDFUNC
compiling xlink_Application.c...
compiling xlink_at.c...
compiling xlink_config.c...
compiling xlink_Demo.c...
..\src\xlink_Demo.c(354): warning:  #177-D: variable "updateDP" was declared but never referenced
..\src\xlink_Demo.c(356): warning:  #177-D: variable "data" was declared but never referenced
..\src\xlink_Demo.c(357): warning:  #177-D: variable "datalen" was declared but never referenced
compiling xlink_oat_hf.c...
linking...
LPBS2W.sct(14): warning: L6314W: No section matches pattern *.o(.mach2.init).
LPBS2W.sct(18): warning: L6314W: No section matches pattern *.o(.mach6.init).
LPBS2W.sct(19): warning: L6314W: No section matches pattern *.o(.mach7.init).
LPBS2W.sct(23): warning: L6314W: No section matches pattern *.o(.shell0.cmd).
LPBS2W.sct(25): warning: L6314W: No section matches pattern *.o(.shell2.cmd).
Program Size: Code=435248 RO-data=31640 RW-data=7992 ZI-data=75184  
FromELF: creating hex file...
After Build - User command #1: fromelf.exe --bin --output ./output/LPB105S2W.bin ./output/LPB105S2W.axf
After Build - User command #2: LPB100_IMG_Tools.exe ./output/LPB105S2W.bin ./output/LPB105S2W_UPGARDE.bin
".\output\LPB105S2W.axf" - 0 Errors, 9 Warning(s).
Rebuild target 'LPB105S2W'
compiling startup.c...
..\src\startup.c(291): warning: A1488W: PROC/FUNC at line 82 in '..\\src\\startup.c' without matching ENDP/ENDFUNC
compiling xlink_Application.c...
compiling xlink_at.c...
compiling xlink_config.c...
compiling xlink_Demo.c...
..\src\xlink_Demo.c(354): warning:  #177-D: variable "updateDP" was declared but never referenced
..\src\xlink_Demo.c(356): warning:  #177-D: variable "data" was declared but never referenced
..\src\xlink_Demo.c(357): warning:  #177-D: variable "datalen" was declared but never referenced
compiling xlink_oat_hf.c...
linking...
LPBS2W.sct(14): warning: L6314W: No section matches pattern *.o(.mach2.init).
LPBS2W.sct(18): warning: L6314W: No section matches pattern *.o(.mach6.init).
LPBS2W.sct(19): warning: L6314W: No section matches pattern *.o(.mach7.init).
LPBS2W.sct(23): warning: L6314W: No section matches pattern *.o(.shell0.cmd).
LPBS2W.sct(25): warning: L6314W: No section matches pattern *.o(.shell2.cmd).
Program Size: Code=435248 RO-data=31640 RW-data=7992 ZI-data=75184  
FromELF: creating hex file...
After Build - User command #1: fromelf.exe --bin --output ./output/LPB105S2W.bin ./output/LPB105S2W.axf
After Build - User command #2: LPB100_IMG_Tools.exe ./output/LPB105S2W.bin ./output/LPB105S2W_UPGARDE.bin
".\output\LPB105S2W.axf" - 0 Errors, 9 Warning(s).
Build target 'LPB105S2W'
compiling startup.c...
..\src\startup.c(291): warning: A1488W: PROC/FUNC at line 82 in '..\\src\\startup.c' without matching ENDP/ENDFUNC
compiling xlink_Application.c...
compiling xlink_at.c...
compiling xlink_config.c...
compiling xlink_Demo.c...
..\src\xlink_Demo.c(354): warning:  #177-D: variable "updateDP" was declared but never referenced
..\src\xlink_Demo.c(356): warning:  #177-D: variable "data" was declared but never referenced
..\src\xlink_Demo.c(357): warning:  #177-D: variable "datalen" was declared but never referenced
compiling xlink_oat_hf.c...
linking...
LPBS2W.sct(14): warning: L6314W: No section matches pattern *.o(.mach2.init).
LPBS2W.sct(18): warning: L6314W: No section matches pattern *.o(.mach6.init).
LPBS2W.sct(19): warning: L6314W: No section matches pattern *.o(.mach7.init).
LPBS2W.sct(23): warning: L6314W: No section matches pattern *.o(.shell0.cmd).
LPBS2W.sct(25): warning: L6314W: No section matches pattern *.o(.shell2.cmd).
Program Size: Code=435248 RO-data=31640 RW-data=7992 ZI-data=75184  
FromELF: creating hex file...
After Build - User command #1: fromelf.exe --bin --output ./output/LPB105S2W.bin ./output/LPB105S2W.axf
After Build - User command #2: LPB100_IMG_Tools.exe ./output/LPB105S2W.bin ./output/LPB105S2W_UPGARDE.bin
".\output\LPB105S2W.axf" - 0 Errors, 9 Warning(s).
