<html>
<body>
<pre>
<h1>礦ision Build Log</h1>
<h2>Project:</h2>
D:\my work\xlink\WIFI\Xlink SDK\Xlink_SDK_V3\工程\Xlink-Demo-AT-V30000-lib(HFLPB100)\projects\LPBS2W.uvproj
Project File Date:  07/14/2016

<h2>Output:</h2>
Rebuild target 'LPBS2W'
compiling startup.c...
..\src\startup.c(291): warning: A1488W: PROC/FUNC at line 82 in '..\\src\\startup.c' without matching ENDP/ENDFUNC
compiling xlink_config.c...
compiling xlink_Demo.c...
..\src\xlink_Demo.c(355): warning:  #177-D: variable "updateDP" was declared but never referenced
..\src\xlink_Demo.c(357): warning:  #177-D: variable "data" was declared but never referenced
..\src\xlink_Demo.c(358): warning:  #177-D: variable "datalen" was declared but never referenced
compiling xlink_Application.c...
compiling xlink_at.c...
compiling xlink_oat_hf.c...
linking...
.\output\LPBS2W.axf: error: L6002U: Could not open file ..\xlink\Xlink-lib-LPB100-V30000.lib: No such file or directory
".\output\LPBS2W.axf" - 1 Errors, 4 Warning(s).
Target not created
Rebuild target 'LPBS2W'
compiling startup.c...
..\src\startup.c(291): warning: A1488W: PROC/FUNC at line 82 in '..\\src\\startup.c' without matching ENDP/ENDFUNC
compiling xlink_config.c...
compiling xlink_Demo.c...
..\src\xlink_Demo.c(355): warning:  #177-D: variable "updateDP" was declared but never referenced
..\src\xlink_Demo.c(357): warning:  #177-D: variable "data" was declared but never referenced
..\src\xlink_Demo.c(358): warning:  #177-D: variable "datalen" was declared but never referenced
compiling xlink_Application.c...
compiling xlink_at.c...
compiling xlink_oat_hf.c...
linking...
LPBS2W.sct(14): warning: L6314W: No section matches pattern *.o(.mach2.init).
LPBS2W.sct(18): warning: L6314W: No section matches pattern *.o(.mach6.init).
LPBS2W.sct(19): warning: L6314W: No section matches pattern *.o(.mach7.init).
LPBS2W.sct(23): warning: L6314W: No section matches pattern *.o(.shell0.cmd).
LPBS2W.sct(25): warning: L6314W: No section matches pattern *.o(.shell2.cmd).
Program Size: Code=437744 RO-data=32032 RW-data=8000 ZI-data=75256  
FromELF: creating hex file...
After Build - User command #1: fromelf.exe --bin --output ./output/LPBS2W.bin ./output/LPBS2W.axf
After Build - User command #2: LPB100_IMG_Tools.exe ./output/LPBS2W.bin ./output/LPBS2W_UPGARDE.bin
".\output\LPBS2W.axf" - 0 Errors, 9 Warning(s).
Load "D:\\my work\\xlink\\WIFI\\Xlink SDK\\Xlink_SDK_V3\\工程\\Xlink-Demo-AT-V30000-lib(HFLPB100)\\projects\\output\\LPBS2W.axf" 
Include "D:\\my work\\xlink\\WIFI\\Xlink SDK\\Xlink_SDK_V3\\工程\\Xlink-Demo-AT-V30000-lib(HFLPB100)\\projects\\ausdk_download.ini" 
/*----------------------------------------------------------------------
 *   SW Flash/SDRAM Download Configuration Script
 * Note:
 *  Work Mode:Support different work mode,but OTP+ROM mode work on FPGA platform only,Flash only mode must select the VECTRESET reset
 *   Hardware Platform:You can select FPGA test platform or ASIC chip platform
 *   Oscillator Select:Select external oscillator,it can speed up the download,if you cannot be
                       sure,select 'None'
 *   Fast Erase:Merge the multi-sectors erase into block erase,if signal of board not good,select 'Normal'
 *   Lock Range:prevent data damage from write protection 
 *   Debug Port:downloader debug interface
 *-----------------------------------------------------------------------*/
FUNC void Setup (void) {
    //Work Mode[0:OTP only,1:OTP+FLASH,2:OTP+SDRAM,3:OTP+ROM,4:FLASH only,5:SDRAM Test]
    _WDWORD(0x20007C00,1);
    //Hardware Platform[0:ASIC platform,1:FPGA platform]
    _WDWORD(0x20007C04,0);
    //Oscillator Select[-1:None,0:32K,1:1M,2:2M,...,31:31M]
    _WDWORD(0x20007C08,-1);
    //Fast Erase[0:Nomal,1:Fast]
    _WDWORD(0x20007C0C,0);
    //Lock Range[0:None,1:50%,2:75%,3:87.5%,4:100%]
    _WDWORD(0x20007C10,0);
    
    //Debug Port[0:port 0,1:port 1,2:port 2,-1:none]
    _WDWORD(0x20007C14,-1);
    
    //Flash GPIO??[0:GPIO group 0,1:GPIO group 1,2:GPIO group 2,3:GPIO group 3]
    //_WDWORD(0x20007C18,0);
}
Setup();
Erase Done.
Programming Done.
Application running ...
